// Jest Snapshot v1, https://goo.gl/fbAQLP

exports[`<Main /> should render a Main 1`] = `
<div>
  <h2 />
  <img
    alt=""
    src="data:image/png;base64,iVBORw0KGgoAAAANSUhEUgAAAAEAAAABCAYAAAAfFcSJAAAADUlEQVR42mNk+P+/HgAFhAJ/wlseKgAAAABJRU5ErkJggg=="
  />
</div>
`;
